// Jest Snapshot v1, https://goo.gl/fbAQLP

exports[`DocumentMetadata tests should render the loan request form correctly 1`] = `
<Overridable(LoanRequestForm)
  document={
    Object {
      "created": "2019-07-08T10:44:02.366+02:00",
      "id": 71,
      "links": Object {
        "self": "https://127.0.0.1:5000/api/documents/71",
      },
      "metadata": Object {
        "$schema": "https://127.0.0.1:5000/schemas/documents/document-v1.0.0.json",
        "_access": Object {},
        "abstract": "This is an abstract",
        "authors": Array [
          Object {
            "full_name": "Jack E. Davis",
          },
        ],
        "circulation": Object {},
        "document_type": Array [
          "BOOK",
        ],
        "edition": "1",
        "eitems": Object {
          "hits": Array [
            Object {
              "description": "Non ipsum",
              "open_access": true,
              "pid": "145",
            },
          ],
          "total": 1,
        },
        "keywords": Object {
          "source": "X",
          "value": "Patata",
        },
        "languages": Array [
          "en",
        ],
        "pid": "71",
        "publication_year": "1950",
        "relations": Object {},
        "tags": Array [],
        "title": "The Gulf: The Making of An American Sea",
      },
      "updated": "2019-07-08T10:44:18.354+02:00",
    }
  }
  error={Object {}}
  hasError={false}
  initializeState={[Function]}
  isSuccessful={true}
  lastLoan={null}
  requestLoanForDocument={[MockFunction]}
>
  <LoanRequestForm
    document={
      Object {
        "created": "2019-07-08T10:44:02.366+02:00",
        "id": 71,
        "links": Object {
          "self": "https://127.0.0.1:5000/api/documents/71",
        },
        "metadata": Object {
          "$schema": "https://127.0.0.1:5000/schemas/documents/document-v1.0.0.json",
          "_access": Object {},
          "abstract": "This is an abstract",
          "authors": Array [
            Object {
              "full_name": "Jack E. Davis",
            },
          ],
          "circulation": Object {},
          "document_type": Array [
            "BOOK",
          ],
          "edition": "1",
          "eitems": Object {
            "hits": Array [
              Object {
                "description": "Non ipsum",
                "open_access": true,
                "pid": "145",
              },
            ],
            "total": 1,
          },
          "keywords": Object {
            "source": "X",
            "value": "Patata",
          },
          "languages": Array [
            "en",
          ],
          "pid": "71",
          "publication_year": "1950",
          "relations": Object {},
          "tags": Array [],
          "title": "The Gulf: The Making of An American Sea",
        },
        "updated": "2019-07-08T10:44:18.354+02:00",
      }
    }
    error={Object {}}
    hasError={false}
    initializeState={[Function]}
    isSuccessful={true}
    lastLoan={null}
    requestLoanForDocument={[MockFunction]}
  >
    <Form
      as="form"
    >
      <form
        className="ui form"
        onSubmit={[Function]}
      >
        <Message
          content="Your request to loan this literature was created."
          header="Request created"
          icon="check"
          positive={true}
        >
          <div
            className="ui icon positive message"
          >
            <Icon
              as="i"
              name="check"
            >
              <i
                aria-hidden="true"
                className="check icon"
                onClick={[Function]}
              />
            </Icon>
            <MessageContent>
              <div
                className="content"
              >
                <MessageHeader
                  content="Request created"
                >
                  <div
                    className="header"
                  >
                    Request created
                  </div>
                </MessageHeader>
                <p>
                  Your request to loan this literature was created.
                </p>
              </div>
            </MessageContent>
          </div>
        </Message>
      </form>
    </Form>
  </LoanRequestForm>
</Overridable(LoanRequestForm)>
`;
