// Jest Snapshot v1, https://goo.gl/fbAQLP

exports[`DocumentRequestDetails tests should load the details component 1`] = `
<Overridable(Loader)
  isLoading={false}
>
  <Error
    error={Object {}}
  >
    <Container
      className="spaced"
      fluid={true}
    >
      <DocumentRequestHeader />
      <Divider />
      <DocumentRequestActions />
      <Divider />
    </Container>
    <Container>
      <DocumentRequestMetadata />
      <Divider />
      <DocumentRequestSteps />
    </Container>
  </Error>
</Overridable(Loader)>
`;
