// Jest Snapshot v1, https://goo.gl/fbAQLP

exports[`BookCard tests should render the BookCard 1`] = `
<Overridable(DocumentCard)
  data={
    Object {
      "metadata": Object {
        "$schema": "https://127.0.0.1:5000/schemas/documents/document-v1.0.0.json",
        "abstract": "This is an abstract",
        "authors": Array [
          "Author1",
          "Author2",
        ],
        "circulation": Object {
          "has_items_for_loan": 2,
        },
        "document_type": "BOOK",
        "edition": "12",
        "eitems": Object {
          "total": 2,
        },
        "imageCover": "",
        "imageSize": "small",
        "keywords": Object {
          "source": "X",
          "value": "Patata",
        },
        "languages": Array [
          "en",
        ],
        "pid": "docid-1",
        "publication_year": "1950",
        "title": "Lorem",
      },
    }
  }
>
  <DocumentCard
    data={
      Object {
        "metadata": Object {
          "$schema": "https://127.0.0.1:5000/schemas/documents/document-v1.0.0.json",
          "abstract": "This is an abstract",
          "authors": Array [
            "Author1",
            "Author2",
          ],
          "circulation": Object {
            "has_items_for_loan": 2,
          },
          "document_type": "BOOK",
          "edition": "12",
          "eitems": Object {
            "total": 2,
          },
          "imageCover": "",
          "imageSize": "small",
          "keywords": Object {
            "source": "X",
            "value": "Patata",
          },
          "languages": Array [
            "en",
          ],
          "pid": "docid-1",
          "publication_year": "1950",
          "title": "Lorem",
        },
      }
    }
    volume={null}
  >
    <Overridable
      data={
        Object {
          "metadata": Object {
            "$schema": "https://127.0.0.1:5000/schemas/documents/document-v1.0.0.json",
            "abstract": "This is an abstract",
            "authors": Array [
              "Author1",
              "Author2",
            ],
            "circulation": Object {
              "has_items_for_loan": 2,
            },
            "document_type": "BOOK",
            "edition": "12",
            "eitems": Object {
              "total": 2,
            },
            "imageCover": "",
            "imageSize": "small",
            "keywords": Object {
              "source": "X",
              "value": "Patata",
            },
            "languages": Array [
              "en",
            ],
            "pid": "docid-1",
            "publication_year": "1950",
            "title": "Lorem",
          },
        }
      }
      id="DocumentCard.layout"
      volume={null}
    >
      <Card
        centered={true}
        className="fs-book-card"
        data-test="docid-1"
        link={true}
        onClick={[Function]}
      >
        <a
          className="ui centered link card fs-book-card"
          data-test="docid-1"
          onClick={[Function]}
        >
          <CardMeta
            className="discrete"
          >
            <div
              className="meta discrete"
            >
              BOOK
            </div>
          </CardMeta>
          <Overridable
            data={
              Object {
                "metadata": Object {
                  "$schema": "https://127.0.0.1:5000/schemas/documents/document-v1.0.0.json",
                  "abstract": "This is an abstract",
                  "authors": Array [
                    "Author1",
                    "Author2",
                  ],
                  "circulation": Object {
                    "has_items_for_loan": 2,
                  },
                  "document_type": "BOOK",
                  "edition": "12",
                  "eitems": Object {
                    "total": 2,
                  },
                  "imageCover": "",
                  "imageSize": "small",
                  "keywords": Object {
                    "source": "X",
                    "value": "Patata",
                  },
                  "languages": Array [
                    "en",
                  ],
                  "pid": "docid-1",
                  "publication_year": "1950",
                  "title": "Lorem",
                },
              }
            }
            id="DocumentCard.cover"
            volume={null}
          >
            <Overridable(LiteratureCover)
              size="small"
            >
              <LiteratureCover
                asItem={false}
                isRestricted={false}
                linkTo={null}
                size="small"
                url={null}
              >
                <Overridable
                  asItem={false}
                  id="LiteratureCover.placeholder"
                  isRestricted={false}
                  linkTo={null}
                  size="small"
                  url={null}
                >
                  <Placeholder>
                    <div
                      className="ui placeholder"
                    >
                      <PlaceholderImage
                        square={true}
                      >
                        <div
                          className="square image"
                        />
                      </PlaceholderImage>
                    </div>
                  </Placeholder>
                </Overridable>
              </LiteratureCover>
            </Overridable(LiteratureCover)>
          </Overridable>
          <CardContent>
            <div
              className="content"
            >
              <CardHeader>
                <div
                  className="header"
                >
                  Lorem
                </div>
              </CardHeader>
              <CardMeta>
                <div
                  className="meta"
                >
                  <Overridable(DocumentAuthors)
                    authorsLimit={10}
                    metadata={
                      Object {
                        "$schema": "https://127.0.0.1:5000/schemas/documents/document-v1.0.0.json",
                        "abstract": "This is an abstract",
                        "authors": Array [
                          "Author1",
                          "Author2",
                        ],
                        "circulation": Object {
                          "has_items_for_loan": 2,
                        },
                        "document_type": "BOOK",
                        "edition": "12",
                        "eitems": Object {
                          "total": 2,
                        },
                        "imageCover": "",
                        "imageSize": "small",
                        "keywords": Object {
                          "source": "X",
                          "value": "Patata",
                        },
                        "languages": Array [
                          "en",
                        ],
                        "pid": "docid-1",
                        "publication_year": "1950",
                        "title": "Lorem",
                      }
                    }
                  >
                    <DocumentAuthors
                      allFields={false}
                      authorsLimit={10}
                      delimiter="; "
                      listItemAs={null}
                      metadata={
                        Object {
                          "$schema": "https://127.0.0.1:5000/schemas/documents/document-v1.0.0.json",
                          "abstract": "This is an abstract",
                          "authors": Array [
                            "Author1",
                            "Author2",
                          ],
                          "circulation": Object {
                            "has_items_for_loan": 2,
                          },
                          "document_type": "BOOK",
                          "edition": "12",
                          "eitems": Object {
                            "total": 2,
                          },
                          "imageCover": "",
                          "imageSize": "small",
                          "keywords": Object {
                            "source": "X",
                            "value": "Patata",
                          },
                          "languages": Array [
                            "en",
                          ],
                          "pid": "docid-1",
                          "publication_year": "1950",
                          "title": "Lorem",
                        }
                      }
                      otherAuthorsDisplay={null}
                      prefix=""
                      scrollLimit={Infinity}
                    >
                      <Overridable
                        allFields={false}
                        authorsLimit={10}
                        delimiter="; "
                        id="DocumentAuthors.layout"
                        listItemAs={null}
                        metadata={
                          Object {
                            "$schema": "https://127.0.0.1:5000/schemas/documents/document-v1.0.0.json",
                            "abstract": "This is an abstract",
                            "authors": Array [
                              "Author1",
                              "Author2",
                            ],
                            "circulation": Object {
                              "has_items_for_loan": 2,
                            },
                            "document_type": "BOOK",
                            "edition": "12",
                            "eitems": Object {
                              "total": 2,
                            },
                            "imageCover": "",
                            "imageSize": "small",
                            "keywords": Object {
                              "source": "X",
                              "value": "Patata",
                            },
                            "languages": Array [
                              "en",
                            ],
                            "pid": "docid-1",
                            "publication_year": "1950",
                            "title": "Lorem",
                          }
                        }
                        otherAuthorsDisplay={null}
                        prefix=""
                        scrollLimit={Infinity}
                      >
                        <div
                          className="document-authors-list-wrapper "
                        >
                          <List
                            as={null}
                            className="document-authors-list"
                            horizontal={true}
                          >
                            <div
                              className="ui horizontal list document-authors-list"
                              role="list"
                            >
                              <ListItem
                                key="Key0"
                              >
                                <div
                                  className="item"
                                  onClick={[Function]}
                                  role="listitem"
                                >
                                  ; 
                                </div>
                              </ListItem>
                              <ListItem
                                key="Key1"
                              >
                                <div
                                  className="item"
                                  onClick={[Function]}
                                  role="listitem"
                                />
                              </ListItem>
                            </div>
                          </List>
                        </div>
                      </Overridable>
                    </DocumentAuthors>
                  </Overridable(DocumentAuthors)>
                  <div>
                    Edition 
                    12
                  </div>
                </div>
              </CardMeta>
            </div>
          </CardContent>
          <CardContent
            extra={true}
          >
            <div
              className="extra content"
            >
              <Label>
                <div
                  className="ui label"
                  onClick={[Function]}
                >
                  On shelf
                </div>
              </Label>
              <Label>
                <div
                  className="ui label"
                  onClick={[Function]}
                >
                  E-book
                </div>
              </Label>
            </div>
          </CardContent>
        </a>
      </Card>
    </Overridable>
  </DocumentCard>
</Overridable(DocumentCard)>
`;
